---
source: kyanite-core/src/parse.rs
expression: parser.errors
---
- filename: test-cases/parser/simple.kya
  heading: unexpected identifier
  line: "    foo"
  span:
    line: 1
    column: 5
    length: 3
  text: "expected one of `defn`, `const` here"
- filename: test-cases/parser/simple.kya
  heading: unexpected identifier
  line: bar;
  span:
    line: 3
    column: 1
    length: 3
  text: "expected one of `defn`, `const` here"
- filename: test-cases/parser/simple.kya
  heading: unexpected identifier
  line: "        baz"
  span:
    line: 5
    column: 9
    length: 3
  text: "expected one of `defn`, `const` here"

