---
source: kyanite-core/src/token.rs
expression: stream.tokens
---
- kind: Defn
  lexeme: ~
  span:
    line: 1
    column: 1
    length: 4
- kind: Identifier
  lexeme: main
  span:
    line: 1
    column: 6
    length: 4
- kind: LeftParen
  lexeme: ~
  span:
    line: 1
    column: 10
    length: 1
- kind: RightParen
  lexeme: ~
  span:
    line: 1
    column: 11
    length: 1
- kind: LeftBrace
  lexeme: ~
  span:
    line: 1
    column: 13
    length: 1
- kind: Identifier
  lexeme: println
  span:
    line: 2
    column: 4
    length: 7
- kind: LeftParen
  lexeme: ~
  span:
    line: 2
    column: 11
    length: 1
- kind: Literal
  lexeme: "\"Hello, world!\""
  span:
    line: 2
    column: 12
    length: 15
- kind: RightParen
  lexeme: ~
  span:
    line: 2
    column: 27
    length: 1
- kind: Semicolon
  lexeme: ~
  span:
    line: 2
    column: 28
    length: 1
- kind: RightBrace
  lexeme: ~
  span:
    line: 3
    column: 1
    length: 1

