---
source: kyanite-core/src/ast/mod.rs
expression: ast
---
file:
  nodes:
    - FuncDecl:
        name:
          kind: Identifier
          lexeme: main
          span:
            line: 1
            column: 6
            length: 4
        params: []
        ty:
          kind: Type
          lexeme: int
          span:
            line: 1
            column: 14
            length: 3
        body:
          - Call:
              left:
                Ident:
                  name:
                    kind: Identifier
                    lexeme: println
                    span:
                      line: 2
                      column: 4
                      length: 7
              args:
                - Str:
                    - "\"Hello, world!\""
                    - kind: Literal
                      lexeme: "\"Hello, world!\""
                      span:
                        line: 2
                        column: 12
                        length: 15
              parens:
                - kind: LeftParen
                  lexeme: ~
                  span:
                    line: 2
                    column: 11
                    length: 1
                - kind: RightParen
                  lexeme: ~
                  span:
                    line: 2
                    column: 27
                    length: 1
              delimiters: []
          - Return:
              expr:
                Int:
                  - 0
                  - kind: Literal
                    lexeme: "0"
                    span:
                      line: 4
                      column: 11
                      length: 1
              keyword:
                kind: Return
                lexeme: ~
                span:
                  line: 4
                  column: 4
                  length: 6

