---
source: kyanite-core/src/ast/mod.rs
expression: ast
---
nodes:
  - Function:
      name:
        kind: Identifier
        lexeme: foo
        span:
          line: 1
          column: 5
          length: 3
      params: []
      ty:
        kind: Identifier
        lexeme: void
        span:
          line: 1
          column: 12
          length: 4
      body: []
      external: false

