---
source: kyanite-core/src/kyir/mod.rs
expression: "&res"
---
[
    Noop,
    Noop,
    Noop,
    Seq {
        left: Seq {
            left: Seq {
                left: Seq {
                    left: Seq {
                        left: CJump {
                            op: Cmp(
                                Equal,
                            ),
                            left: Binary {
                                op: Cmp(
                                    Equal,
                                ),
                                left: Mem(
                                    Binary {
                                        op: Plus,
                                        left: Temp(
                                            "rbp",
                                        ),
                                        right: ConstInt(
                                            0,
                                        ),
                                    },
                                ),
                                right: ConstInt(
                                    0,
                                ),
                            },
                            right: ConstInt(
                                1,
                            ),
                            t: "L0",
                            f: "L1",
                        },
                        right: Some(
                            Seq {
                                left: Label(
                                    "L0",
                                ),
                                right: Some(
                                    Move {
                                        target: Temp(
                                            "rax",
                                        ),
                                        expr: ConstInt(
                                            1,
                                        ),
                                    },
                                ),
                            },
                        ),
                    },
                    right: Some(
                        Jump(
                            "L2",
                        ),
                    ),
                },
                right: Some(
                    Seq {
                        left: Label(
                            "L1",
                        ),
                        right: Some(
                            Noop,
                        ),
                    },
                ),
            },
            right: Some(
                Label(
                    "L2",
                ),
            ),
        },
        right: Some(
            Move {
                target: Temp(
                    "rax",
                ),
                expr: Binary {
                    op: Mul,
                    left: Mem(
                        Binary {
                            op: Plus,
                            left: Temp(
                                "rbp",
                            ),
                            right: ConstInt(
                                0,
                            ),
                        },
                    ),
                    right: Call(
                        "factorial",
                        [
                            Binary {
                                op: Minus,
                                left: Mem(
                                    Binary {
                                        op: Plus,
                                        left: Temp(
                                            "rbp",
                                        ),
                                        right: ConstInt(
                                            0,
                                        ),
                                    },
                                ),
                                right: ConstInt(
                                    1,
                                ),
                            },
                        ],
                    ),
                },
            },
        ),
    },
    Move {
        target: Temp(
            "rax",
        ),
        expr: Binary {
            op: Plus,
            left: ConstInt(
                5,
            ),
            right: Binary {
                op: Mul,
                left: ConstInt(
                    2,
                ),
                right: Mem(
                    Binary {
                        op: Plus,
                        left: Temp(
                            "rbp",
                        ),
                        right: ConstInt(
                            0,
                        ),
                    },
                ),
            },
        },
    },
    Seq {
        left: Move {
            target: Mem(
                Binary {
                    op: Plus,
                    left: Temp(
                        "rbp",
                    ),
                    right: ConstInt(
                        -8,
                    ),
                },
            ),
            expr: ConstInt(
                0,
            ),
        },
        right: Some(
            Move {
                target: Temp(
                    "rax",
                ),
                expr: Binary {
                    op: Plus,
                    left: Binary {
                        op: Plus,
                        left: Binary {
                            op: Plus,
                            left: ESeq {
                                stmt: Seq {
                                    left: Move {
                                        target: Temp(
                                            "T8",
                                        ),
                                        expr: Mem(
                                            Binary {
                                                op: Plus,
                                                left: Temp(
                                                    "rbp",
                                                ),
                                                right: ConstInt(
                                                    0,
                                                ),
                                            },
                                        ),
                                    },
                                    right: Some(
                                        Move {
                                            target: Temp(
                                                "T8",
                                            ),
                                            expr: Mem(
                                                Binary {
                                                    op: Plus,
                                                    left: Temp(
                                                        "T8",
                                                    ),
                                                    right: ConstInt(
                                                        0,
                                                    ),
                                                },
                                            ),
                                        },
                                    ),
                                },
                                expr: Temp(
                                    "T8",
                                ),
                            },
                            right: ESeq {
                                stmt: Seq {
                                    left: Move {
                                        target: Temp(
                                            "T9",
                                        ),
                                        expr: Mem(
                                            Binary {
                                                op: Plus,
                                                left: Temp(
                                                    "rbp",
                                                ),
                                                right: ConstInt(
                                                    0,
                                                ),
                                            },
                                        ),
                                    },
                                    right: Some(
                                        Move {
                                            target: Temp(
                                                "T9",
                                            ),
                                            expr: Mem(
                                                Binary {
                                                    op: Plus,
                                                    left: Temp(
                                                        "T9",
                                                    ),
                                                    right: ConstInt(
                                                        8,
                                                    ),
                                                },
                                            ),
                                        },
                                    ),
                                },
                                expr: Temp(
                                    "T9",
                                ),
                            },
                        },
                        right: ESeq {
                            stmt: Seq {
                                left: Move {
                                    target: Temp(
                                        "T10",
                                    ),
                                    expr: Mem(
                                        Binary {
                                            op: Plus,
                                            left: Temp(
                                                "rbp",
                                            ),
                                            right: ConstInt(
                                                0,
                                            ),
                                        },
                                    ),
                                },
                                right: Some(
                                    Move {
                                        target: Temp(
                                            "T10",
                                        ),
                                        expr: Mem(
                                            Binary {
                                                op: Plus,
                                                left: Temp(
                                                    "T10",
                                                ),
                                                right: ConstInt(
                                                    16,
                                                ),
                                            },
                                        ),
                                    },
                                ),
                            },
                            expr: Temp(
                                "T10",
                            ),
                        },
                    },
                    right: ESeq {
                        stmt: Seq {
                            left: Move {
                                target: Temp(
                                    "T11",
                                ),
                                expr: Mem(
                                    Binary {
                                        op: Plus,
                                        left: Temp(
                                            "rbp",
                                        ),
                                        right: ConstInt(
                                            0,
                                        ),
                                    },
                                ),
                            },
                            right: Some(
                                Move {
                                    target: Temp(
                                        "T11",
                                    ),
                                    expr: Mem(
                                        Binary {
                                            op: Plus,
                                            left: Temp(
                                                "T11",
                                            ),
                                            right: ConstInt(
                                                24,
                                            ),
                                        },
                                    ),
                                },
                            ),
                        },
                        expr: Temp(
                            "T11",
                        ),
                    },
                },
            },
        ),
    },
    Seq {
        left: Move {
            target: Mem(
                Binary {
                    op: Plus,
                    left: Temp(
                        "rbp",
                    ),
                    right: ConstInt(
                        0,
                    ),
                },
            ),
            expr: ESeq {
                stmt: Seq {
                    left: Move {
                        target: Binary {
                            op: Plus,
                            left: Temp(
                                "rbp",
                            ),
                            right: ConstInt(
                                -32,
                            ),
                        },
                        expr: ConstInt(
                            1,
                        ),
                    },
                    right: Some(
                        Seq {
                            left: Move {
                                target: Binary {
                                    op: Plus,
                                    left: Temp(
                                        "rbp",
                                    ),
                                    right: ConstInt(
                                        -24,
                                    ),
                                },
                                expr: ConstInt(
                                    2,
                                ),
                            },
                            right: Some(
                                Seq {
                                    left: Move {
                                        target: Binary {
                                            op: Plus,
                                            left: Temp(
                                                "rbp",
                                            ),
                                            right: ConstInt(
                                                -16,
                                            ),
                                        },
                                        expr: ConstInt(
                                            3,
                                        ),
                                    },
                                    right: Some(
                                        Move {
                                            target: Binary {
                                                op: Plus,
                                                left: Temp(
                                                    "rbp",
                                                ),
                                                right: ConstInt(
                                                    -8,
                                                ),
                                            },
                                            expr: ConstInt(
                                                4,
                                            ),
                                        },
                                    ),
                                },
                            ),
                        },
                    ),
                },
                expr: ConstInt(
                    -8,
                ),
            },
        },
        right: Some(
            Seq {
                left: Move {
                    target: Mem(
                        Binary {
                            op: Plus,
                            left: Temp(
                                "rbp",
                            ),
                            right: ConstInt(
                                -40,
                            ),
                        },
                    ),
                    expr: ESeq {
                        stmt: Move {
                            target: Binary {
                                op: Plus,
                                left: Temp(
                                    "rbp",
                                ),
                                right: ConstInt(
                                    -48,
                                ),
                            },
                            expr: ConstInt(
                                5,
                            ),
                        },
                        expr: ConstInt(
                            -48,
                        ),
                    },
                },
                right: Some(
                    Seq {
                        left: Move {
                            target: Mem(
                                Binary {
                                    op: Plus,
                                    left: Temp(
                                        "rbp",
                                    ),
                                    right: ConstInt(
                                        -56,
                                    ),
                                },
                            ),
                            expr: ConstInt(
                                5,
                            ),
                        },
                        right: Some(
                            Seq {
                                left: Move {
                                    target: Mem(
                                        Binary {
                                            op: Plus,
                                            left: Temp(
                                                "rbp",
                                            ),
                                            right: ConstInt(
                                                -64,
                                            ),
                                        },
                                    ),
                                    expr: ESeq {
                                        stmt: Move {
                                            target: Temp(
                                                "T15",
                                            ),
                                            expr: Binary {
                                                op: Plus,
                                                left: Temp(
                                                    "rbp",
                                                ),
                                                right: ConstInt(
                                                    -24,
                                                ),
                                            },
                                        },
                                        expr: Temp(
                                            "T15",
                                        ),
                                    },
                                },
                                right: Some(
                                    Seq {
                                        left: Seq {
                                            left: Seq {
                                                left: Seq {
                                                    left: CJump {
                                                        op: Cmp(
                                                            Equal,
                                                        ),
                                                        left: ConstInt(
                                                            1,
                                                        ),
                                                        right: ConstInt(
                                                            1,
                                                        ),
                                                        t: "L3",
                                                        f: "L4",
                                                    },
                                                    right: Some(
                                                        Seq {
                                                            left: Label(
                                                                "L3",
                                                            ),
                                                            right: Some(
                                                                Expr(
                                                                    Call(
                                                                        "factorial",
                                                                        [
                                                                            Call(
                                                                                "misc",
                                                                                [
                                                                                    ConstInt(
                                                                                        2,
                                                                                    ),
                                                                                ],
                                                                            ),
                                                                        ],
                                                                    ),
                                                                ),
                                                            ),
                                                        },
                                                    ),
                                                },
                                                right: Some(
                                                    Jump(
                                                        "L5",
                                                    ),
                                                ),
                                            },
                                            right: Some(
                                                Seq {
                                                    left: Label(
                                                        "L4",
                                                    ),
                                                    right: Some(
                                                        Expr(
                                                            Call(
                                                                "println",
                                                                [
                                                                    ConstInt(
                                                                        1,
                                                                    ),
                                                                ],
                                                            ),
                                                        ),
                                                    ),
                                                },
                                            ),
                                        },
                                        right: Some(
                                            Label(
                                                "L5",
                                            ),
                                        ),
                                    },
                                ),
                            },
                        ),
                    },
                ),
            },
        ),
    },
]
