---
source: crates/kyac/src/ast/mod.rs
expression: ast
---
Ast {
    nodes: [
        Function(
            FuncDecl {
                name: Token {
                    kind: Identifier,
                    lexeme: Some(
                        "main",
                    ),
                    span: Span {
                        line: 1,
                        column: 5,
                        length: 4,
                    },
                },
                params: [],
                ty: None,
                body: [
                    Expr(
                        Call(
                            Call {
                                left: Ident(
                                    Ident {
                                        name: Token {
                                            kind: Identifier,
                                            lexeme: Some(
                                                "println",
                                            ),
                                            span: Span {
                                                line: 2,
                                                column: 5,
                                                length: 7,
                                            },
                                        },
                                    },
                                ),
                                args: [
                                    Binary(
                                        Binary {
                                            left: Binary(
                                                Binary {
                                                    left: Binary(
                                                        Binary {
                                                            left: Float(
                                                                Literal {
                                                                    value: 5.0,
                                                                    token: Token {
                                                                        kind: Literal,
                                                                        lexeme: Some(
                                                                            "5.",
                                                                        ),
                                                                        span: Span {
                                                                            line: 2,
                                                                            column: 13,
                                                                            length: 2,
                                                                        },
                                                                    },
                                                                },
                                                            ),
                                                            op: Token {
                                                                kind: Star,
                                                                lexeme: None,
                                                                span: Span {
                                                                    line: 2,
                                                                    column: 16,
                                                                    length: 1,
                                                                },
                                                            },
                                                            right: Float(
                                                                Literal {
                                                                    value: 100.0,
                                                                    token: Token {
                                                                        kind: Literal,
                                                                        lexeme: Some(
                                                                            "100.",
                                                                        ),
                                                                        span: Span {
                                                                            line: 2,
                                                                            column: 18,
                                                                            length: 4,
                                                                        },
                                                                    },
                                                                },
                                                            ),
                                                        },
                                                    ),
                                                    op: Token {
                                                        kind: Plus,
                                                        lexeme: None,
                                                        span: Span {
                                                            line: 2,
                                                            column: 23,
                                                            length: 1,
                                                        },
                                                    },
                                                    right: Float(
                                                        Literal {
                                                            value: 15.0,
                                                            token: Token {
                                                                kind: Literal,
                                                                lexeme: Some(
                                                                    "15.",
                                                                ),
                                                                span: Span {
                                                                    line: 2,
                                                                    column: 25,
                                                                    length: 3,
                                                                },
                                                            },
                                                        },
                                                    ),
                                                },
                                            ),
                                            op: Token {
                                                kind: Minus,
                                                lexeme: None,
                                                span: Span {
                                                    line: 2,
                                                    column: 29,
                                                    length: 1,
                                                },
                                            },
                                            right: Binary(
                                                Binary {
                                                    left: Float(
                                                        Literal {
                                                            value: 7.0,
                                                            token: Token {
                                                                kind: Literal,
                                                                lexeme: Some(
                                                                    "7.",
                                                                ),
                                                                span: Span {
                                                                    line: 2,
                                                                    column: 31,
                                                                    length: 2,
                                                                },
                                                            },
                                                        },
                                                    ),
                                                    op: Token {
                                                        kind: Slash,
                                                        lexeme: None,
                                                        span: Span {
                                                            line: 2,
                                                            column: 34,
                                                            length: 1,
                                                        },
                                                    },
                                                    right: Float(
                                                        Literal {
                                                            value: 8.0,
                                                            token: Token {
                                                                kind: Literal,
                                                                lexeme: Some(
                                                                    "8.",
                                                                ),
                                                                span: Span {
                                                                    line: 2,
                                                                    column: 36,
                                                                    length: 2,
                                                                },
                                                            },
                                                        },
                                                    ),
                                                },
                                            ),
                                        },
                                    ),
                                ],
                                parens: (
                                    Token {
                                        kind: LeftParen,
                                        lexeme: None,
                                        span: Span {
                                            line: 2,
                                            column: 12,
                                            length: 1,
                                        },
                                    },
                                    Token {
                                        kind: RightParen,
                                        lexeme: None,
                                        span: Span {
                                            line: 2,
                                            column: 38,
                                            length: 1,
                                        },
                                    },
                                ),
                                delimiters: [],
                            },
                        ),
                    ),
                    Expr(
                        Call(
                            Call {
                                left: Ident(
                                    Ident {
                                        name: Token {
                                            kind: Identifier,
                                            lexeme: Some(
                                                "println",
                                            ),
                                            span: Span {
                                                line: 3,
                                                column: 5,
                                                length: 7,
                                            },
                                        },
                                    },
                                ),
                                args: [
                                    Binary(
                                        Binary {
                                            left: Binary(
                                                Binary {
                                                    left: Binary(
                                                        Binary {
                                                            left: Binary(
                                                                Binary {
                                                                    left: Int(
                                                                        Literal {
                                                                            value: 5,
                                                                            token: Token {
                                                                                kind: Literal,
                                                                                lexeme: Some(
                                                                                    "5",
                                                                                ),
                                                                                span: Span {
                                                                                    line: 3,
                                                                                    column: 13,
                                                                                    length: 1,
                                                                                },
                                                                            },
                                                                        },
                                                                    ),
                                                                    op: Token {
                                                                        kind: Star,
                                                                        lexeme: None,
                                                                        span: Span {
                                                                            line: 3,
                                                                            column: 15,
                                                                            length: 1,
                                                                        },
                                                                    },
                                                                    right: Int(
                                                                        Literal {
                                                                            value: 100,
                                                                            token: Token {
                                                                                kind: Literal,
                                                                                lexeme: Some(
                                                                                    "100",
                                                                                ),
                                                                                span: Span {
                                                                                    line: 3,
                                                                                    column: 17,
                                                                                    length: 3,
                                                                                },
                                                                            },
                                                                        },
                                                                    ),
                                                                },
                                                            ),
                                                            op: Token {
                                                                kind: Plus,
                                                                lexeme: None,
                                                                span: Span {
                                                                    line: 3,
                                                                    column: 21,
                                                                    length: 1,
                                                                },
                                                            },
                                                            right: Int(
                                                                Literal {
                                                                    value: 15,
                                                                    token: Token {
                                                                        kind: Literal,
                                                                        lexeme: Some(
                                                                            "15",
                                                                        ),
                                                                        span: Span {
                                                                            line: 3,
                                                                            column: 23,
                                                                            length: 2,
                                                                        },
                                                                    },
                                                                },
                                                            ),
                                                        },
                                                    ),
                                                    op: Token {
                                                        kind: Minus,
                                                        lexeme: None,
                                                        span: Span {
                                                            line: 3,
                                                            column: 26,
                                                            length: 1,
                                                        },
                                                    },
                                                    right: Binary(
                                                        Binary {
                                                            left: Int(
                                                                Literal {
                                                                    value: 7,
                                                                    token: Token {
                                                                        kind: Literal,
                                                                        lexeme: Some(
                                                                            "7",
                                                                        ),
                                                                        span: Span {
                                                                            line: 3,
                                                                            column: 28,
                                                                            length: 1,
                                                                        },
                                                                    },
                                                                },
                                                            ),
                                                            op: Token {
                                                                kind: Slash,
                                                                lexeme: None,
                                                                span: Span {
                                                                    line: 3,
                                                                    column: 30,
                                                                    length: 1,
                                                                },
                                                            },
                                                            right: Int(
                                                                Literal {
                                                                    value: 8,
                                                                    token: Token {
                                                                        kind: Literal,
                                                                        lexeme: Some(
                                                                            "8",
                                                                        ),
                                                                        span: Span {
                                                                            line: 3,
                                                                            column: 32,
                                                                            length: 1,
                                                                        },
                                                                    },
                                                                },
                                                            ),
                                                        },
                                                    ),
                                                },
                                            ),
                                            op: Token {
                                                kind: GreaterEqual,
                                                lexeme: None,
                                                span: Span {
                                                    line: 3,
                                                    column: 34,
                                                    length: 2,
                                                },
                                            },
                                            right: Int(
                                                Literal {
                                                    value: 7,
                                                    token: Token {
                                                        kind: Literal,
                                                        lexeme: Some(
                                                            "7",
                                                        ),
                                                        span: Span {
                                                            line: 3,
                                                            column: 37,
                                                            length: 1,
                                                        },
                                                    },
                                                },
                                            ),
                                        },
                                    ),
                                ],
                                parens: (
                                    Token {
                                        kind: LeftParen,
                                        lexeme: None,
                                        span: Span {
                                            line: 3,
                                            column: 12,
                                            length: 1,
                                        },
                                    },
                                    Token {
                                        kind: RightParen,
                                        lexeme: None,
                                        span: Span {
                                            line: 3,
                                            column: 38,
                                            length: 1,
                                        },
                                    },
                                ),
                                delimiters: [],
                            },
                        ),
                    ),
                ],
                external: false,
                id: 0,
            },
        ),
    ],
}
