---
source: kyanite-core/src/parse.rs
expression: parser.errors
---
[
    PreciseError {
        filename: "test-cases/parser/simple.kya",
        heading: "unexpected identifier",
        source: "    foo",
        span: Span {
            line: 1,
            column: 5,
            length: 3,
        },
        text: "expected one of `fun`, `const` here",
    },
    PreciseError {
        filename: "test-cases/parser/simple.kya",
        heading: "unexpected identifier",
        source: "bar;",
        span: Span {
            line: 3,
            column: 1,
            length: 3,
        },
        text: "expected one of `fun`, `const` here",
    },
    PreciseError {
        filename: "test-cases/parser/simple.kya",
        heading: "unexpected identifier",
        source: "        baz",
        span: Span {
            line: 5,
            column: 9,
            length: 3,
        },
        text: "expected one of `fun`, `const` here",
    },
]
