---
source: kyanite-core/src/kyir/canon.rs
expression: "&res"
---
[
    Move {
        target: Temp(
            "rax",
        ),
        expr: Binary {
            op: Mul,
            left: Mem(
                Binary {
                    op: Plus,
                    left: Temp(
                        "rbp",
                    ),
                    right: ConstInt(
                        0,
                    ),
                },
            ),
            right: ESeq {
                stmt: Move {
                    target: Temp(
                        "T0",
                    ),
                    expr: Binary {
                        op: Plus,
                        left: Temp(
                            "rbp",
                        ),
                        right: ConstInt(
                            -8,
                        ),
                    },
                },
                expr: Temp(
                    "T0",
                ),
            },
        },
    },
    Move {
        target: Temp(
            "rax",
        ),
        expr: Mem(
            Binary {
                op: Plus,
                left: Temp(
                    "rbp",
                ),
                right: ConstInt(
                    0,
                ),
            },
        ),
    },
    Move {
        target: Temp(
            "rax",
        ),
        expr: Mem(
            Binary {
                op: Plus,
                left: Temp(
                    "rbp",
                ),
                right: ConstInt(
                    0,
                ),
            },
        ),
    },
    Move {
        target: Temp(
            "rax",
        ),
        expr: Binary {
            op: Plus,
            left: ESeq {
                stmt: Seq {
                    left: Move {
                        target: Temp(
                            "T1",
                        ),
                        expr: Call(
                            "bar",
                            [
                                Mem(
                                    Binary {
                                        op: Plus,
                                        left: Temp(
                                            "rbp",
                                        ),
                                        right: ConstInt(
                                            0,
                                        ),
                                    },
                                ),
                            ],
                        ),
                    },
                    right: None,
                },
                expr: Temp(
                    "T1",
                ),
            },
            right: ESeq {
                stmt: Seq {
                    left: Move {
                        target: Temp(
                            "T2",
                        ),
                        expr: Call(
                            "bar",
                            [
                                Mem(
                                    Binary {
                                        op: Plus,
                                        left: Temp(
                                            "rbp",
                                        ),
                                        right: ConstInt(
                                            -8,
                                        ),
                                    },
                                ),
                            ],
                        ),
                    },
                    right: None,
                },
                expr: Temp(
                    "T2",
                ),
            },
        },
    },
    Seq {
        left: Move {
            target: Mem(
                Binary {
                    op: Plus,
                    left: Temp(
                        "rbp",
                    ),
                    right: ConstInt(
                        0,
                    ),
                },
            ),
            expr: Call(
                "foo",
                [
                    ESeq {
                        stmt: Move {
                            target: Temp(
                                "T3",
                            ),
                            expr: ESeq {
                                stmt: Seq {
                                    left: Move {
                                        target: Temp(
                                            "T6",
                                        ),
                                        expr: Call(
                                            "bar",
                                            [
                                                ESeq {
                                                    stmt: Move {
                                                        target: Temp(
                                                            "T4",
                                                        ),
                                                        expr: ESeq {
                                                            stmt: Seq {
                                                                left: Move {
                                                                    target: Temp(
                                                                        "T5",
                                                                    ),
                                                                    expr: Call(
                                                                        "baz",
                                                                        [
                                                                            ConstInt(
                                                                                5,
                                                                            ),
                                                                        ],
                                                                    ),
                                                                },
                                                                right: None,
                                                            },
                                                            expr: Temp(
                                                                "T5",
                                                            ),
                                                        },
                                                    },
                                                    expr: Temp(
                                                        "T4",
                                                    ),
                                                },
                                            ],
                                        ),
                                    },
                                    right: None,
                                },
                                expr: Temp(
                                    "T6",
                                ),
                            },
                        },
                        expr: Temp(
                            "T3",
                        ),
                    },
                    ESeq {
                        stmt: Move {
                            target: Temp(
                                "T7",
                            ),
                            expr: ESeq {
                                stmt: Seq {
                                    left: Move {
                                        target: Temp(
                                            "T10",
                                        ),
                                        expr: Call(
                                            "bar",
                                            [
                                                ESeq {
                                                    stmt: Move {
                                                        target: Temp(
                                                            "T8",
                                                        ),
                                                        expr: ESeq {
                                                            stmt: Seq {
                                                                left: Move {
                                                                    target: Temp(
                                                                        "T9",
                                                                    ),
                                                                    expr: Call(
                                                                        "baz",
                                                                        [
                                                                            ConstInt(
                                                                                6,
                                                                            ),
                                                                        ],
                                                                    ),
                                                                },
                                                                right: None,
                                                            },
                                                            expr: Temp(
                                                                "T9",
                                                            ),
                                                        },
                                                    },
                                                    expr: Temp(
                                                        "T8",
                                                    ),
                                                },
                                            ],
                                        ),
                                    },
                                    right: None,
                                },
                                expr: Temp(
                                    "T10",
                                ),
                            },
                        },
                        expr: Temp(
                            "T7",
                        ),
                    },
                ],
            ),
        },
        right: Some(
            Seq {
                left: Move {
                    target: Mem(
                        Binary {
                            op: Plus,
                            left: Temp(
                                "rbp",
                            ),
                            right: ConstInt(
                                -8,
                            ),
                        },
                    ),
                    expr: Call(
                        "binary",
                        [
                            ConstInt(
                                5,
                            ),
                            ConstInt(
                                6,
                            ),
                        ],
                    ),
                },
                right: Some(
                    Expr(
                        Call(
                            "binary",
                            [
                                ConstInt(
                                    9,
                                ),
                                ConstInt(
                                    10,
                                ),
                            ],
                        ),
                    ),
                ),
            },
        ),
    },
]
